flutter : Could not find an 
option named 
"--no-sound-null-safety".
At line:1 char:1
+ flutter run -d chrome 
--no-sound-null-safety 2>&1 
| Out-File -FilePat ...
+ ~~~~~~~~~~~~~~~~~~~~~~~~~~~
~~~~~~~~~~~~~~~~~~~~~~
    + CategoryInfo           
   : NotSpecified: (Could n  
  ot find ...d-null-safety   
 ".:String) [], RemoteExc    
eption
    + FullyQualifiedErrorId  
   : NativeCommandError
 

Run 'flutter -h' (or 
'flutter <command> -h') for 
available flutter commands 
and options.
